git_sha=3c36a9cf4d75e520abe56482282eb3a770a54952
parent_sha=cfce27ad7979a62d9702ad82ff04ac75b10c1883
utc=2026-08-30T11:34:19Z
command_bundle=docs/evidence/reconciliation/exact_commands.txt
flags_all_default_false=true
trading_readiness=false
accept_trade=false
live_cli_exit=2
live_cli_stderr=LIVE TRADING IS DISABLED
telegram=refused
doctor_py310_exit=1
doctor_py310_stderr=STARTUP FAILED: Python 3.10.21 is not supported
doctor_py311_exit=0
doctor_py311_contains=NOT TRADE READY
pytest_3.11_tests=551
pytest_3.11_failures=0
pytest_3.11_exit=0
pytest_3.12_status=NOT-RUN-HERE interpreter ABSENT
sequence_15_report=absent
enable_sequence_15_flag=absent
pm4_exclusive=true
sim_demo_not_broker_truth=true
import_boundary_scan=PASS
